[debug] [2026-07-09T05:17:42.372Z] ----------------------------------------------------------------------
[debug] [2026-07-09T05:17:42.374Z] Command:       /opt/node22/bin/node /root/.npm/_npx/e05a72ff2428b88b/node_modules/.bin/firebase emulators:start --project demo-rakuraku --only auth,firestore,storage
[debug] [2026-07-09T05:17:42.374Z] CLI Version:   14.27.0
[debug] [2026-07-09T05:17:42.374Z] Platform:      linux
[debug] [2026-07-09T05:17:42.374Z] Node Version:  v22.22.2
[debug] [2026-07-09T05:17:42.375Z] Time:          Thu Jul 09 2026 05:17:42 GMT+0000 (Coordinated Universal Time)
[debug] [2026-07-09T05:17:42.375Z] ----------------------------------------------------------------------
[debug] 
[debug] [2026-07-09T05:17:42.377Z] >>> [apiv2][query] GET https://firebase-public.firebaseio.com/cli.json [none]
[debug] [2026-07-09T05:17:42.770Z] openjdk version "21.0.10" 2026-01-20
OpenJDK Runtime Environment (build 21.0.10+7-Ubuntu-124.04)

[debug] [2026-07-09T05:17:42.771Z] OpenJDK 64-Bit Server VM (build 21.0.10+7-Ubuntu-124.04, mixed mode, sharing)

[debug] [2026-07-09T05:17:42.788Z] Parsed Java major version: 21
[info] i  emulators: Starting emulators: auth, firestore, storage {"metadata":{"emulator":{"name":"hub"},"message":"Starting emulators: auth, firestore, storage"}}
[info] i  emulators: Detected demo project ID "demo-rakuraku", emulated services will use a demo configuration and attempts to access non-emulated services for this project will fail. {"metadata":{"emulator":{"name":"hub"},"message":"Detected demo project ID \"demo-rakuraku\", emulated services will use a demo configuration and attempts to access non-emulated services for this project will fail."}}
[warn] ⚠  hub: Error when trying to check port 4400 on ::1: Error: listen EAFNOSUPPORT: address family not supported ::1:4400 {"metadata":{"emulator":{"name":"hub"},"message":"Error when trying to check port 4400 on ::1: Error: listen EAFNOSUPPORT: address family not supported ::1:4400"}}
[warn] ⚠  hub: Port 4400 is available on 127.0.0.1 but not ::1. This may cause issues with some clients. {"metadata":{"emulator":{"name":"hub"},"message":"Port 4400 is available on 127.0.0.1 but not ::1. This may cause issues with some clients."}}
[warn] ⚠  hub: If you encounter connectivity issues, consider switching to a different port or explicitly specifying "host": "<ip address>" instead of hostname in firebase.json {"metadata":{"emulator":{"name":"hub"},"message":"If you encounter connectivity issues, consider switching to a different port or explicitly specifying \"host\": \"<ip address>\" instead of hostname in firebase.json"}}
[warn] ⚠  logging: Error when trying to check port 4500 on ::1: Error: listen EAFNOSUPPORT: address family not supported ::1:4500 {"metadata":{"emulator":{"name":"logging"},"message":"Error when trying to check port 4500 on ::1: Error: listen EAFNOSUPPORT: address family not supported ::1:4500"}}
[warn] ⚠  logging: Port 4500 is available on 127.0.0.1 but not ::1. This may cause issues with some clients. {"metadata":{"emulator":{"name":"logging"},"message":"Port 4500 is available on 127.0.0.1 but not ::1. This may cause issues with some clients."}}
[warn] ⚠  logging: If you encounter connectivity issues, consider switching to a different port or explicitly specifying "host": "<ip address>" instead of hostname in firebase.json {"metadata":{"emulator":{"name":"logging"},"message":"If you encounter connectivity issues, consider switching to a different port or explicitly specifying \"host\": \"<ip address>\" instead of hostname in firebase.json"}}
[warn] ⚠  auth: Error when trying to check port 9099 on ::1: Error: listen EAFNOSUPPORT: address family not supported ::1:9099 {"metadata":{"emulator":{"name":"auth"},"message":"Error when trying to check port 9099 on ::1: Error: listen EAFNOSUPPORT: address family not supported ::1:9099"}}
[warn] ⚠  auth: Port 9099 is available on 127.0.0.1 but not ::1. This may cause issues with some clients. {"metadata":{"emulator":{"name":"auth"},"message":"Port 9099 is available on 127.0.0.1 but not ::1. This may cause issues with some clients."}}
[warn] ⚠  auth: If you encounter connectivity issues, consider switching to a different port or explicitly specifying "host": "<ip address>" instead of hostname in firebase.json {"metadata":{"emulator":{"name":"auth"},"message":"If you encounter connectivity issues, consider switching to a different port or explicitly specifying \"host\": \"<ip address>\" instead of hostname in firebase.json"}}
[warn] ⚠  firestore: Error when trying to check port 8080 on ::1: Error: listen EAFNOSUPPORT: address family not supported ::1:8080 {"metadata":{"emulator":{"name":"firestore"},"message":"Error when trying to check port 8080 on ::1: Error: listen EAFNOSUPPORT: address family not supported ::1:8080"}}
[warn] ⚠  firestore: Port 8080 is available on 127.0.0.1 but not ::1. This may cause issues with some clients. {"metadata":{"emulator":{"name":"firestore"},"message":"Port 8080 is available on 127.0.0.1 but not ::1. This may cause issues with some clients."}}
[warn] ⚠  firestore: If you encounter connectivity issues, consider switching to a different port or explicitly specifying "host": "<ip address>" instead of hostname in firebase.json {"metadata":{"emulator":{"name":"firestore"},"message":"If you encounter connectivity issues, consider switching to a different port or explicitly specifying \"host\": \"<ip address>\" instead of hostname in firebase.json"}}
[warn] ⚠  firestore.websocket: Error when trying to check port 9150 on ::1: Error: listen EAFNOSUPPORT: address family not supported ::1:9150 {"metadata":{"emulator":{"name":"firestore"},"message":"Error when trying to check port 9150 on ::1: Error: listen EAFNOSUPPORT: address family not supported ::1:9150"}}
[warn] ⚠  firestore: Port 9150 is available on 127.0.0.1 but not ::1. This may cause issues with some clients. {"metadata":{"emulator":{"name":"firestore"},"message":"Port 9150 is available on 127.0.0.1 but not ::1. This may cause issues with some clients."}}
[warn] ⚠  firestore: If you encounter connectivity issues, consider switching to a different port or explicitly specifying "host": "<ip address>" instead of hostname in firebase.json {"metadata":{"emulator":{"name":"firestore"},"message":"If you encounter connectivity issues, consider switching to a different port or explicitly specifying \"host\": \"<ip address>\" instead of hostname in firebase.json"}}
[warn] ⚠  storage: Error when trying to check port 9199 on ::1: Error: listen EAFNOSUPPORT: address family not supported ::1:9199 {"metadata":{"emulator":{"name":"storage"},"message":"Error when trying to check port 9199 on ::1: Error: listen EAFNOSUPPORT: address family not supported ::1:9199"}}
[warn] ⚠  storage: Port 9199 is available on 127.0.0.1 but not ::1. This may cause issues with some clients. {"metadata":{"emulator":{"name":"storage"},"message":"Port 9199 is available on 127.0.0.1 but not ::1. This may cause issues with some clients."}}
[warn] ⚠  storage: If you encounter connectivity issues, consider switching to a different port or explicitly specifying "host": "<ip address>" instead of hostname in firebase.json {"metadata":{"emulator":{"name":"storage"},"message":"If you encounter connectivity issues, consider switching to a different port or explicitly specifying \"host\": \"<ip address>\" instead of hostname in firebase.json"}}
[debug] [2026-07-09T05:17:42.801Z] assigned listening specs for emulators {"user":{"hub":[{"address":"127.0.0.1","family":"IPv4","port":4400}],"logging":[{"address":"127.0.0.1","family":"IPv4","port":4500}],"auth":[{"address":"127.0.0.1","family":"IPv4","port":9099}],"firestore":[{"address":"127.0.0.1","family":"IPv4","port":8080}],"firestore.websocket":[{"address":"127.0.0.1","family":"IPv4","port":9150}],"storage":[{"address":"127.0.0.1","family":"IPv4","port":9199}]},"metadata":{"message":"assigned listening specs for emulators"}}
[debug] [2026-07-09T05:17:42.804Z] Emulator locator file path: /tmp/hub-demo-rakuraku.json
[warn] ⚠  emulators: It seems that you are running multiple instances of the emulator suite for project demo-rakuraku. This may result in unexpected behavior. 
[debug] [2026-07-09T05:17:42.893Z] [hub] writing locator at /tmp/hub-demo-rakuraku.json
[debug] [2026-07-09T05:17:42.900Z] Ignoring unsupported arg: auto_download {"metadata":{"emulator":{"name":"firestore"},"message":"Ignoring unsupported arg: auto_download"}}
[debug] [2026-07-09T05:17:42.900Z] Ignoring unsupported arg: single_project_mode_error {"metadata":{"emulator":{"name":"firestore"},"message":"Ignoring unsupported arg: single_project_mode_error"}}
[debug] [2026-07-09T05:17:42.900Z] Starting Firestore Emulator with command {"binary":"java","args":["-Dgoogle.cloud_firestore.debug_log_level=FINE","-Duser.language=en","-jar","/root/.cache/firebase/emulators/cloud-firestore-emulator-v1.19.8.jar","--host","127.0.0.1","--port",8080,"--websocket_port",9150,"--project_id","demo-rakuraku","--rules","/home/user/tori/tsundokudo/firebase/firestore.rules","--single_project_mode",true],"optionalArgs":["port","webchannel_port","host","rules","websocket_port","functions_emulator","seed_from_export","project_id","single_project_mode"],"joinArgs":false,"shell":false,"port":8080} {"metadata":{"emulator":{"name":"firestore"},"message":"Starting Firestore Emulator with command {\"binary\":\"java\",\"args\":[\"-Dgoogle.cloud_firestore.debug_log_level=FINE\",\"-Duser.language=en\",\"-jar\",\"/root/.cache/firebase/emulators/cloud-firestore-emulator-v1.19.8.jar\",\"--host\",\"127.0.0.1\",\"--port\",8080,\"--websocket_port\",9150,\"--project_id\",\"demo-rakuraku\",\"--rules\",\"/home/user/tori/tsundokudo/firebase/firestore.rules\",\"--single_project_mode\",true],\"optionalArgs\":[\"port\",\"webchannel_port\",\"host\",\"rules\",\"websocket_port\",\"functions_emulator\",\"seed_from_export\",\"project_id\",\"single_project_mode\"],\"joinArgs\":false,\"shell\":false,\"port\":8080}"}}
[info] i  firestore: Firestore Emulator logging to firestore-debug.log {"metadata":{"emulator":{"name":"firestore"},"message":"Firestore Emulator logging to firestore-debug.log"}}
[debug] [2026-07-09T05:17:43.156Z] <<< [apiv2][status] GET https://firebase-public.firebaseio.com/cli.json 403
[debug] [2026-07-09T05:17:43.159Z] <<< [apiv2][body] GET https://firebase-public.firebaseio.com/cli.json "request rejected: host not permitted"
[warn] ⚠  Unable to fetch the CLI MOTD and remote config. This is not a fatal error, but may indicate an issue with your network connection. 
[debug] [2026-07-09T05:17:43.159Z] Failed to fetch MOTD FirebaseError: Unable to parse JSON: SyntaxError: Unexpected token 'r', "request re"... is not valid JSON
[debug] [2026-07-09T05:17:48.410Z] Jul 09, 2026 5:17:48 AM com.google.cloud.datastore.emulator.firestore.websocket.WebSocketServer start
INFO: Started WebSocket server on ws://127.0.0.1:9150
 {"metadata":{"emulator":{"name":"firestore"},"message":"Jul 09, 2026 5:17:48 AM com.google.cloud.datastore.emulator.firestore.websocket.WebSocketServer start\nINFO: Started WebSocket server on ws://127.0.0.1:9150\n"}}
[debug] [2026-07-09T05:17:48.465Z] API endpoint: http:// {"metadata":{"emulator":{"name":"firestore"},"message":"API endpoint: http://"}}
[debug] [2026-07-09T05:17:48.465Z] 127.0.0.1:8080 {"metadata":{"emulator":{"name":"firestore"},"message":"127.0.0.1:8080"}}
[debug] [2026-07-09T05:17:48.466Z] 
 {"metadata":{"emulator":{"name":"firestore"},"message":"\n"}}
[debug] [2026-07-09T05:17:48.466Z] If you are using a library that supports the FIRESTORE_EMULATOR_HOST environment variable, run:
 {"metadata":{"emulator":{"name":"firestore"},"message":"If you are using a library that supports the FIRESTORE_EMULATOR_HOST environment variable, run:\n"}}
[debug] [2026-07-09T05:17:48.467Z] 
   export FIRESTORE_EMULATOR_HOST= {"metadata":{"emulator":{"name":"firestore"},"message":"\n   export FIRESTORE_EMULATOR_HOST="}}
[debug] [2026-07-09T05:17:48.467Z] 127.0.0.1:8080 {"metadata":{"emulator":{"name":"firestore"},"message":"127.0.0.1:8080"}}
[debug] [2026-07-09T05:17:48.467Z] 

 {"metadata":{"emulator":{"name":"firestore"},"message":"\n\n"}}
[debug] [2026-07-09T05:17:48.467Z] If you are running a Firestore in Datastore Mode project, run:
 {"metadata":{"emulator":{"name":"firestore"},"message":"If you are running a Firestore in Datastore Mode project, run:\n"}}
[debug] [2026-07-09T05:17:48.468Z] 
   export DATASTORE_EMULATOR_HOST= {"metadata":{"emulator":{"name":"firestore"},"message":"\n   export DATASTORE_EMULATOR_HOST="}}
[debug] [2026-07-09T05:17:48.468Z] 127.0.0.1:8080 {"metadata":{"emulator":{"name":"firestore"},"message":"127.0.0.1:8080"}}
[debug] [2026-07-09T05:17:48.468Z] 

 {"metadata":{"emulator":{"name":"firestore"},"message":"\n\n"}}
[debug] [2026-07-09T05:17:48.468Z] Note: Support for Datastore Mode is in preview. If you encounter any bugs please file at https://github.com/firebase/firebase-tools/issues.
 {"metadata":{"emulator":{"name":"firestore"},"message":"Note: Support for Datastore Mode is in preview. If you encounter any bugs please file at https://github.com/firebase/firebase-tools/issues.\n"}}
[debug] [2026-07-09T05:17:48.469Z] Dev App Server is now running.

 {"metadata":{"emulator":{"name":"firestore"},"message":"Dev App Server is now running.\n\n"}}
[info] ✔  firestore: Firestore Emulator UI websocket is running on 9150. {"metadata":{"emulator":{"name":"firestore"},"message":"Firestore Emulator UI websocket is running on 9150."}}
[debug] [2026-07-09T05:17:56.435Z] Ignoring unsupported arg: port {"metadata":{"emulator":{"name":"storage"},"message":"Ignoring unsupported arg: port"}}
[debug] [2026-07-09T05:18:00.488Z] Temp file directory for storage emulator: /tmp/firebase/storage/blobs {"metadata":{"emulator":{"name":"storage"},"message":"Temp file directory for storage emulator: /tmp/firebase/storage/blobs"}}
[warn] ⚠  emulators: The Emulator UI is not starting because none of the running emulators have a UI component. {"metadata":{"emulator":{"name":"hub"},"message":"The Emulator UI is not starting because none of the running emulators have a UI component."}}
[debug] [2026-07-09T05:18:00.502Z] Could not find VSCode notification endpoint: FetchError: request to http://localhost:40001/vscode/notify failed, reason: connect ECONNREFUSED 127.0.0.1:40001. If you are not running the Firebase Data Connect VSCode extension, this is expected and not an issue.
[info] 
┌─────────────────────────────────────────────────────────────┐
│ ✔  All emulators ready! It is now safe to connect your app. │
└─────────────────────────────────────────────────────────────┘

┌────────────────┬────────────────┐
│ Emulator       │ Host:Port      │
├────────────────┼────────────────┤
│ Authentication │ 127.0.0.1:9099 │
├────────────────┼────────────────┤
│ Firestore      │ 127.0.0.1:8080 │
├────────────────┼────────────────┤
│ Storage        │ 127.0.0.1:9199 │
└────────────────┴────────────────┘
  Emulator Hub host: 127.0.0.1 port: 4400
  Other reserved ports: 4500, 9150

Issues? Report them at https://github.com/firebase/firebase-tools/issues and attach the *-debug.log files.
 
[debug] [2026-07-09T05:18:52.173Z] Jul 09, 2026 5:18:52 AM io.gapi.emulators.netty.HttpVersionRoutingHandler channelRead
INFO: Detected non-HTTP/2 connection.
 {"metadata":{"emulator":{"name":"firestore"},"message":"Jul 09, 2026 5:18:52 AM io.gapi.emulators.netty.HttpVersionRoutingHandler channelRead\nINFO: Detected non-HTTP/2 connection.\n"}}
[debug] [2026-07-09T05:18:52.268Z] Jul 09, 2026 5:18:52 AM io.gapi.emulators.netty.HttpVersionRoutingHandler channelRead
INFO: Detected HTTP/2 connection.
 {"metadata":{"emulator":{"name":"firestore"},"message":"Jul 09, 2026 5:18:52 AM io.gapi.emulators.netty.HttpVersionRoutingHandler channelRead\nINFO: Detected HTTP/2 connection.\n"}}
[debug] [2026-07-09T05:19:00.303Z] Jul 09, 2026 5:19:00 AM io.gapi.emulators.netty.HttpVersionRoutingHandler channelRead
INFO: Detected non-HTTP/2 connection.
 {"metadata":{"emulator":{"name":"firestore"},"message":"Jul 09, 2026 5:19:00 AM io.gapi.emulators.netty.HttpVersionRoutingHandler channelRead\nINFO: Detected non-HTTP/2 connection.\n"}}
[debug] [2026-07-09T05:19:00.665Z] Jul 09, 2026 5:19:00 AM io.gapi.emulators.netty.HttpVersionRoutingHandler channelRead
INFO: Detected non-HTTP/2 connection.
 {"metadata":{"emulator":{"name":"firestore"},"message":"Jul 09, 2026 5:19:00 AM io.gapi.emulators.netty.HttpVersionRoutingHandler channelRead\nINFO: Detected non-HTTP/2 connection.\n"}}
[debug] [2026-07-09T05:19:00.696Z] Jul 09, 2026 5:19:00 AM io.gapi.emulators.netty.HttpVersionRoutingHandler channelRead
INFO: Detected non-HTTP/2 connection.
 {"metadata":{"emulator":{"name":"firestore"},"message":"Jul 09, 2026 5:19:00 AM io.gapi.emulators.netty.HttpVersionRoutingHandler channelRead\nINFO: Detected non-HTTP/2 connection.\n"}}
[debug] [2026-07-09T05:19:02.826Z] Jul 09, 2026 5:19:02 AM io.gapi.emulators.netty.HttpVersionRoutingHandler channelRead
INFO: Detected non-HTTP/2 connection.
 {"metadata":{"emulator":{"name":"firestore"},"message":"Jul 09, 2026 5:19:02 AM io.gapi.emulators.netty.HttpVersionRoutingHandler channelRead\nINFO: Detected non-HTTP/2 connection.\n"}}
[debug] [2026-07-09T05:19:02.855Z] Jul 09, 2026 5:19:02 AM io.gapi.emulators.netty.HttpVersionRoutingHandler channelRead
INFO: Detected non-HTTP/2 connection.
 {"metadata":{"emulator":{"name":"firestore"},"message":"Jul 09, 2026 5:19:02 AM io.gapi.emulators.netty.HttpVersionRoutingHandler channelRead\nINFO: Detected non-HTTP/2 connection.\n"}}
[debug] [2026-07-09T05:19:02.870Z] Jul 09, 2026 5:19:02 AM io.gapi.emulators.netty.HttpVersionRoutingHandler channelRead
INFO: Detected non-HTTP/2 connection.
 {"metadata":{"emulator":{"name":"firestore"},"message":"Jul 09, 2026 5:19:02 AM io.gapi.emulators.netty.HttpVersionRoutingHandler channelRead\nINFO: Detected non-HTTP/2 connection.\n"}}
[debug] [2026-07-09T05:19:03.475Z] Jul 09, 2026 5:19:03 AM io.gapi.emulators.netty.HttpVersionRoutingHandler channelRead
INFO: Detected non-HTTP/2 connection.
 {"metadata":{"emulator":{"name":"firestore"},"message":"Jul 09, 2026 5:19:03 AM io.gapi.emulators.netty.HttpVersionRoutingHandler channelRead\nINFO: Detected non-HTTP/2 connection.\n"}}
[debug] [2026-07-09T05:19:03.553Z] Jul 09, 2026 5:19:03 AM io.gapi.emulators.netty.HttpVersionRoutingHandler channelRead
INFO: Detected non-HTTP/2 connection.
 {"metadata":{"emulator":{"name":"firestore"},"message":"Jul 09, 2026 5:19:03 AM io.gapi.emulators.netty.HttpVersionRoutingHandler channelRead\nINFO: Detected non-HTTP/2 connection.\n"}}
[debug] [2026-07-09T05:19:05.911Z] Jul 09, 2026 5:19:05 AM io.gapi.emulators.netty.HttpVersionRoutingHandler channelRead
INFO: Detected non-HTTP/2 connection.
 {"metadata":{"emulator":{"name":"firestore"},"message":"Jul 09, 2026 5:19:05 AM io.gapi.emulators.netty.HttpVersionRoutingHandler channelRead\nINFO: Detected non-HTTP/2 connection.\n"}}
[debug] [2026-07-09T05:19:05.960Z] Jul 09, 2026 5:19:05 AM io.gapi.emulators.netty.HttpVersionRoutingHandler channelRead
INFO: Detected non-HTTP/2 connection.
 {"metadata":{"emulator":{"name":"firestore"},"message":"Jul 09, 2026 5:19:05 AM io.gapi.emulators.netty.HttpVersionRoutingHandler channelRead\nINFO: Detected non-HTTP/2 connection.\n"}}
[debug] [2026-07-09T05:19:08.004Z] Jul 09, 2026 5:19:08 AM io.gapi.emulators.netty.HttpVersionRoutingHandler channelRead
INFO: Detected non-HTTP/2 connection.
 {"metadata":{"emulator":{"name":"firestore"},"message":"Jul 09, 2026 5:19:08 AM io.gapi.emulators.netty.HttpVersionRoutingHandler channelRead\nINFO: Detected non-HTTP/2 connection.\n"}}
[debug] [2026-07-09T05:19:08.050Z] Jul 09, 2026 5:19:08 AM io.gapi.emulators.netty.HttpVersionRoutingHandler channelRead
INFO: Detected non-HTTP/2 connection.
 {"metadata":{"emulator":{"name":"firestore"},"message":"Jul 09, 2026 5:19:08 AM io.gapi.emulators.netty.HttpVersionRoutingHandler channelRead\nINFO: Detected non-HTTP/2 connection.\n"}}
[debug] [2026-07-09T05:19:08.070Z] Jul 09, 2026 5:19:08 AM io.gapi.emulators.netty.HttpVersionRoutingHandler channelRead
INFO: Detected non-HTTP/2 connection.
 {"metadata":{"emulator":{"name":"firestore"},"message":"Jul 09, 2026 5:19:08 AM io.gapi.emulators.netty.HttpVersionRoutingHandler channelRead\nINFO: Detected non-HTTP/2 connection.\n"}}
[debug] [2026-07-09T05:19:12.343Z] Jul 09, 2026 5:19:12 AM io.gapi.emulators.netty.HttpVersionRoutingHandler channelRead
INFO: Detected non-HTTP/2 connection.
 {"metadata":{"emulator":{"name":"firestore"},"message":"Jul 09, 2026 5:19:12 AM io.gapi.emulators.netty.HttpVersionRoutingHandler channelRead\nINFO: Detected non-HTTP/2 connection.\n"}}
[debug] [2026-07-09T05:19:12.359Z] Jul 09, 2026 5:19:12 AM io.gapi.emulators.netty.HttpVersionRoutingHandler channelRead
INFO: Detected non-HTTP/2 connection.
 {"metadata":{"emulator":{"name":"firestore"},"message":"Jul 09, 2026 5:19:12 AM io.gapi.emulators.netty.HttpVersionRoutingHandler channelRead\nINFO: Detected non-HTTP/2 connection.\n"}}
[debug] [2026-07-09T05:19:12.375Z] Jul 09, 2026 5:19:12 AM io.gapi.emulators.netty.HttpVersionRoutingHandler channelRead
INFO: Detected non-HTTP/2 connection.
 {"metadata":{"emulator":{"name":"firestore"},"message":"Jul 09, 2026 5:19:12 AM io.gapi.emulators.netty.HttpVersionRoutingHandler channelRead\nINFO: Detected non-HTTP/2 connection.\n"}}
[debug] [2026-07-09T05:19:14.872Z] Jul 09, 2026 5:19:14 AM io.gapi.emulators.netty.HttpVersionRoutingHandler channelRead
INFO: Detected non-HTTP/2 connection.
 {"metadata":{"emulator":{"name":"firestore"},"message":"Jul 09, 2026 5:19:14 AM io.gapi.emulators.netty.HttpVersionRoutingHandler channelRead\nINFO: Detected non-HTTP/2 connection.\n"}}
[debug] [2026-07-09T05:19:14.882Z] Jul 09, 2026 5:19:14 AM io.gapi.emulators.netty.HttpVersionRoutingHandler channelRead
INFO: Detected non-HTTP/2 connection.
 {"metadata":{"emulator":{"name":"firestore"},"message":"Jul 09, 2026 5:19:14 AM io.gapi.emulators.netty.HttpVersionRoutingHandler channelRead\nINFO: Detected non-HTTP/2 connection.\n"}}
[debug] [2026-07-09T05:19:14.891Z] Jul 09, 2026 5:19:14 AM io.gapi.emulators.netty.HttpVersionRoutingHandler channelRead
INFO: Detected non-HTTP/2 connection.
 {"metadata":{"emulator":{"name":"firestore"},"message":"Jul 09, 2026 5:19:14 AM io.gapi.emulators.netty.HttpVersionRoutingHandler channelRead\nINFO: Detected non-HTTP/2 connection.\n"}}
[debug] [2026-07-09T05:19:17.911Z] Jul 09, 2026 5:19:17 AM io.gapi.emulators.netty.HttpVersionRoutingHandler channelRead
INFO: Detected non-HTTP/2 connection.
 {"metadata":{"emulator":{"name":"firestore"},"message":"Jul 09, 2026 5:19:17 AM io.gapi.emulators.netty.HttpVersionRoutingHandler channelRead\nINFO: Detected non-HTTP/2 connection.\n"}}
[debug] [2026-07-09T05:19:17.935Z] Jul 09, 2026 5:19:17 AM io.gapi.emulators.netty.HttpVersionRoutingHandler channelRead
INFO: Detected non-HTTP/2 connection.
 {"metadata":{"emulator":{"name":"firestore"},"message":"Jul 09, 2026 5:19:17 AM io.gapi.emulators.netty.HttpVersionRoutingHandler channelRead\nINFO: Detected non-HTTP/2 connection.\n"}}
[debug] [2026-07-09T05:19:19.999Z] Jul 09, 2026 5:19:19 AM io.gapi.emulators.netty.HttpVersionRoutingHandler channelRead
INFO: Detected non-HTTP/2 connection.
 {"metadata":{"emulator":{"name":"firestore"},"message":"Jul 09, 2026 5:19:19 AM io.gapi.emulators.netty.HttpVersionRoutingHandler channelRead\nINFO: Detected non-HTTP/2 connection.\n"}}
[debug] [2026-07-09T05:19:20.025Z] Jul 09, 2026 5:19:20 AM io.gapi.emulators.netty.HttpVersionRoutingHandler channelRead
INFO: Detected non-HTTP/2 connection.
 {"metadata":{"emulator":{"name":"firestore"},"message":"Jul 09, 2026 5:19:20 AM io.gapi.emulators.netty.HttpVersionRoutingHandler channelRead\nINFO: Detected non-HTTP/2 connection.\n"}}
[debug] [2026-07-09T05:19:20.048Z] Jul 09, 2026 5:19:20 AM io.gapi.emulators.netty.HttpVersionRoutingHandler channelRead
INFO: Detected non-HTTP/2 connection.
 {"metadata":{"emulator":{"name":"firestore"},"message":"Jul 09, 2026 5:19:20 AM io.gapi.emulators.netty.HttpVersionRoutingHandler channelRead\nINFO: Detected non-HTTP/2 connection.\n"}}
[debug] [2026-07-09T05:19:22.029Z] Jul 09, 2026 5:19:22 AM io.gapi.emulators.netty.HttpVersionRoutingHandler channelRead
INFO: Detected non-HTTP/2 connection.
 {"metadata":{"emulator":{"name":"firestore"},"message":"Jul 09, 2026 5:19:22 AM io.gapi.emulators.netty.HttpVersionRoutingHandler channelRead\nINFO: Detected non-HTTP/2 connection.\n"}}
[debug] [2026-07-09T05:19:22.106Z] Jul 09, 2026 5:19:22 AM io.gapi.emulators.netty.HttpVersionRoutingHandler channelRead
INFO: Detected non-HTTP/2 connection.
 {"metadata":{"emulator":{"name":"firestore"},"message":"Jul 09, 2026 5:19:22 AM io.gapi.emulators.netty.HttpVersionRoutingHandler channelRead\nINFO: Detected non-HTTP/2 connection.\n"}}
[debug] [2026-07-09T05:19:22.129Z] Jul 09, 2026 5:19:22 AM io.gapi.emulators.netty.HttpVersionRoutingHandler channelRead
INFO: Detected non-HTTP/2 connection.
 {"metadata":{"emulator":{"name":"firestore"},"message":"Jul 09, 2026 5:19:22 AM io.gapi.emulators.netty.HttpVersionRoutingHandler channelRead\nINFO: Detected non-HTTP/2 connection.\n"}}
[debug] [2026-07-09T05:19:22.154Z] Jul 09, 2026 5:19:22 AM io.gapi.emulators.netty.HttpVersionRoutingHandler channelRead
INFO: Detected non-HTTP/2 connection.
 {"metadata":{"emulator":{"name":"firestore"},"message":"Jul 09, 2026 5:19:22 AM io.gapi.emulators.netty.HttpVersionRoutingHandler channelRead\nINFO: Detected non-HTTP/2 connection.\n"}}
[debug] [2026-07-09T05:19:29.409Z] >>> [apiv2][query] GET http://127.0.0.1:8080/v1/projects/demo-rakuraku/databases/(default)/documents/users/OEs9mLl9izlDNjjlFRPtk3tUZJkg [none]
[debug] [2026-07-09T05:19:29.413Z] Jul 09, 2026 5:19:29 AM io.gapi.emulators.netty.HttpVersionRoutingHandler channelRead
INFO: Detected non-HTTP/2 connection.
 {"metadata":{"emulator":{"name":"firestore"},"message":"Jul 09, 2026 5:19:29 AM io.gapi.emulators.netty.HttpVersionRoutingHandler channelRead\nINFO: Detected non-HTTP/2 connection.\n"}}
[debug] [2026-07-09T05:19:29.438Z] <<< [apiv2][status] GET http://127.0.0.1:8080/v1/projects/demo-rakuraku/databases/(default)/documents/users/OEs9mLl9izlDNjjlFRPtk3tUZJkg 200
[debug] [2026-07-09T05:19:29.438Z] <<< [apiv2][body] GET http://127.0.0.1:8080/v1/projects/demo-rakuraku/databases/(default)/documents/users/OEs9mLl9izlDNjjlFRPtk3tUZJkg {"name":"projects/demo-rakuraku/databases/(default)/documents/users/OEs9mLl9izlDNjjlFRPtk3tUZJkg","fields":{"orgId":{"stringValue":"ROO0W7MjA3NYELlcUq1t"},"role":{"stringValue":"admin"},"createdAt":{"timestampValue":"2026-07-09T05:19:14.895Z"}},"createTime":"2026-07-09T05:19:14.928153Z","updateTime":"2026-07-09T05:19:14.928153Z"}
[debug] [2026-07-09T05:19:29.451Z] >>> [apiv2][query] GET http://127.0.0.1:8080/v1/projects/demo-rakuraku/databases/(default)/documents/users/OEs9mLl9izlDNjjlFRPtk3tUZJkg [none]
[debug] [2026-07-09T05:19:29.454Z] Jul 09, 2026 5:19:29 AM io.gapi.emulators.netty.HttpVersionRoutingHandler channelRead
INFO: Detected non-HTTP/2 connection.
 {"metadata":{"emulator":{"name":"firestore"},"message":"Jul 09, 2026 5:19:29 AM io.gapi.emulators.netty.HttpVersionRoutingHandler channelRead\nINFO: Detected non-HTTP/2 connection.\n"}}
[debug] [2026-07-09T05:19:29.461Z] <<< [apiv2][status] GET http://127.0.0.1:8080/v1/projects/demo-rakuraku/databases/(default)/documents/users/OEs9mLl9izlDNjjlFRPtk3tUZJkg 200
[debug] [2026-07-09T05:19:29.461Z] <<< [apiv2][body] GET http://127.0.0.1:8080/v1/projects/demo-rakuraku/databases/(default)/documents/users/OEs9mLl9izlDNjjlFRPtk3tUZJkg {"name":"projects/demo-rakuraku/databases/(default)/documents/users/OEs9mLl9izlDNjjlFRPtk3tUZJkg","fields":{"orgId":{"stringValue":"ROO0W7MjA3NYELlcUq1t"},"role":{"stringValue":"admin"},"createdAt":{"timestampValue":"2026-07-09T05:19:14.895Z"}},"createTime":"2026-07-09T05:19:14.928153Z","updateTime":"2026-07-09T05:19:14.928153Z"}
[debug] [2026-07-09T05:19:29.493Z] >>> [apiv2][query] GET http://127.0.0.1:8080/v1/projects/demo-rakuraku/databases/(default)/documents/users/OEs9mLl9izlDNjjlFRPtk3tUZJkg [none]
[debug] [2026-07-09T05:19:29.495Z] Jul 09, 2026 5:19:29 AM io.gapi.emulators.netty.HttpVersionRoutingHandler channelRead
INFO: Detected non-HTTP/2 connection.
 {"metadata":{"emulator":{"name":"firestore"},"message":"Jul 09, 2026 5:19:29 AM io.gapi.emulators.netty.HttpVersionRoutingHandler channelRead\nINFO: Detected non-HTTP/2 connection.\n"}}
[debug] [2026-07-09T05:19:29.502Z] <<< [apiv2][status] GET http://127.0.0.1:8080/v1/projects/demo-rakuraku/databases/(default)/documents/users/OEs9mLl9izlDNjjlFRPtk3tUZJkg 200
[debug] [2026-07-09T05:19:29.502Z] <<< [apiv2][body] GET http://127.0.0.1:8080/v1/projects/demo-rakuraku/databases/(default)/documents/users/OEs9mLl9izlDNjjlFRPtk3tUZJkg {"name":"projects/demo-rakuraku/databases/(default)/documents/users/OEs9mLl9izlDNjjlFRPtk3tUZJkg","fields":{"orgId":{"stringValue":"ROO0W7MjA3NYELlcUq1t"},"role":{"stringValue":"admin"},"createdAt":{"timestampValue":"2026-07-09T05:19:14.895Z"}},"createTime":"2026-07-09T05:19:14.928153Z","updateTime":"2026-07-09T05:19:14.928153Z"}
[debug] [2026-07-09T05:19:29.505Z] >>> [apiv2][query] GET http://127.0.0.1:8080/v1/projects/demo-rakuraku/databases/(default)/documents/users/OEs9mLl9izlDNjjlFRPtk3tUZJkg [none]
[debug] [2026-07-09T05:19:29.506Z] Jul 09, 2026 5:19:29 AM io.gapi.emulators.netty.HttpVersionRoutingHandler channelRead
INFO: Detected non-HTTP/2 connection.
 {"metadata":{"emulator":{"name":"firestore"},"message":"Jul 09, 2026 5:19:29 AM io.gapi.emulators.netty.HttpVersionRoutingHandler channelRead\nINFO: Detected non-HTTP/2 connection.\n"}}
[debug] [2026-07-09T05:19:29.513Z] <<< [apiv2][status] GET http://127.0.0.1:8080/v1/projects/demo-rakuraku/databases/(default)/documents/users/OEs9mLl9izlDNjjlFRPtk3tUZJkg 200
[debug] [2026-07-09T05:19:29.513Z] <<< [apiv2][body] GET http://127.0.0.1:8080/v1/projects/demo-rakuraku/databases/(default)/documents/users/OEs9mLl9izlDNjjlFRPtk3tUZJkg {"name":"projects/demo-rakuraku/databases/(default)/documents/users/OEs9mLl9izlDNjjlFRPtk3tUZJkg","fields":{"orgId":{"stringValue":"ROO0W7MjA3NYELlcUq1t"},"role":{"stringValue":"admin"},"createdAt":{"timestampValue":"2026-07-09T05:19:14.895Z"}},"createTime":"2026-07-09T05:19:14.928153Z","updateTime":"2026-07-09T05:19:14.928153Z"}
[debug] [2026-07-09T05:19:29.527Z] Jul 09, 2026 5:19:29 AM io.gapi.emulators.netty.HttpVersionRoutingHandler channelRead
INFO: Detected non-HTTP/2 connection.
 {"metadata":{"emulator":{"name":"firestore"},"message":"Jul 09, 2026 5:19:29 AM io.gapi.emulators.netty.HttpVersionRoutingHandler channelRead\nINFO: Detected non-HTTP/2 connection.\n"}}
[debug] [2026-07-09T05:19:35.222Z] Jul 09, 2026 5:19:35 AM io.gapi.emulators.netty.HttpVersionRoutingHandler channelRead
INFO: Detected non-HTTP/2 connection.
 {"metadata":{"emulator":{"name":"firestore"},"message":"Jul 09, 2026 5:19:35 AM io.gapi.emulators.netty.HttpVersionRoutingHandler channelRead\nINFO: Detected non-HTTP/2 connection.\n"}}
[debug] [2026-07-09T05:19:35.246Z] Jul 09, 2026 5:19:35 AM io.gapi.emulators.netty.HttpVersionRoutingHandler channelRead
INFO: Detected non-HTTP/2 connection.
 {"metadata":{"emulator":{"name":"firestore"},"message":"Jul 09, 2026 5:19:35 AM io.gapi.emulators.netty.HttpVersionRoutingHandler channelRead\nINFO: Detected non-HTTP/2 connection.\n"}}
[debug] [2026-07-09T05:19:35.258Z] Jul 09, 2026 5:19:35 AM io.gapi.emulators.netty.HttpVersionRoutingHandler channelRead
INFO: Detected non-HTTP/2 connection.
 {"metadata":{"emulator":{"name":"firestore"},"message":"Jul 09, 2026 5:19:35 AM io.gapi.emulators.netty.HttpVersionRoutingHandler channelRead\nINFO: Detected non-HTTP/2 connection.\n"}}
[debug] [2026-07-09T05:19:35.261Z] Jul 09, 2026 5:19:35 AM io.gapi.emulators.netty.HttpVersionRoutingHandler channelRead
INFO: Detected non-HTTP/2 connection.
 {"metadata":{"emulator":{"name":"firestore"},"message":"Jul 09, 2026 5:19:35 AM io.gapi.emulators.netty.HttpVersionRoutingHandler channelRead\nINFO: Detected non-HTTP/2 connection.\n"}}
[debug] [2026-07-09T05:19:35.273Z] Jul 09, 2026 5:19:35 AM io.gapi.emulators.netty.HttpVersionRoutingHandler channelRead
INFO: Detected non-HTTP/2 connection.
 {"metadata":{"emulator":{"name":"firestore"},"message":"Jul 09, 2026 5:19:35 AM io.gapi.emulators.netty.HttpVersionRoutingHandler channelRead\nINFO: Detected non-HTTP/2 connection.\n"}}
[debug] [2026-07-09T05:19:35.279Z] Jul 09, 2026 5:19:35 AM io.gapi.emulators.netty.HttpVersionRoutingHandler channelRead
INFO: Detected non-HTTP/2 connection.
 {"metadata":{"emulator":{"name":"firestore"},"message":"Jul 09, 2026 5:19:35 AM io.gapi.emulators.netty.HttpVersionRoutingHandler channelRead\nINFO: Detected non-HTTP/2 connection.\n"}}
[debug] [2026-07-09T05:19:35.345Z] Jul 09, 2026 5:19:35 AM io.gapi.emulators.netty.HttpVersionRoutingHandler channelRead
INFO: Detected non-HTTP/2 connection.
 {"metadata":{"emulator":{"name":"firestore"},"message":"Jul 09, 2026 5:19:35 AM io.gapi.emulators.netty.HttpVersionRoutingHandler channelRead\nINFO: Detected non-HTTP/2 connection.\n"}}
[debug] [2026-07-09T05:19:35.386Z] Jul 09, 2026 5:19:35 AM io.gapi.emulators.netty.HttpVersionRoutingHandler channelRead
INFO: Detected non-HTTP/2 connection.
 {"metadata":{"emulator":{"name":"firestore"},"message":"Jul 09, 2026 5:19:35 AM io.gapi.emulators.netty.HttpVersionRoutingHandler channelRead\nINFO: Detected non-HTTP/2 connection.\n"}}
[debug] [2026-07-09T05:19:39.161Z] Jul 09, 2026 5:19:39 AM io.gapi.emulators.netty.HttpVersionRoutingHandler channelRead
INFO: Detected non-HTTP/2 connection.
 {"metadata":{"emulator":{"name":"firestore"},"message":"Jul 09, 2026 5:19:39 AM io.gapi.emulators.netty.HttpVersionRoutingHandler channelRead\nINFO: Detected non-HTTP/2 connection.\n"}}
[debug] [2026-07-09T05:19:39.180Z] Jul 09, 2026 5:19:39 AM io.gapi.emulators.netty.HttpVersionRoutingHandler channelRead
INFO: Detected non-HTTP/2 connection.
 {"metadata":{"emulator":{"name":"firestore"},"message":"Jul 09, 2026 5:19:39 AM io.gapi.emulators.netty.HttpVersionRoutingHandler channelRead\nINFO: Detected non-HTTP/2 connection.\n"}}
[debug] [2026-07-09T05:19:41.198Z] Jul 09, 2026 5:19:41 AM io.gapi.emulators.netty.HttpVersionRoutingHandler channelRead
INFO: Detected non-HTTP/2 connection.
 {"metadata":{"emulator":{"name":"firestore"},"message":"Jul 09, 2026 5:19:41 AM io.gapi.emulators.netty.HttpVersionRoutingHandler channelRead\nINFO: Detected non-HTTP/2 connection.\n"}}
[debug] [2026-07-09T05:19:41.219Z] Jul 09, 2026 5:19:41 AM io.gapi.emulators.netty.HttpVersionRoutingHandler channelRead
INFO: Detected non-HTTP/2 connection.
 {"metadata":{"emulator":{"name":"firestore"},"message":"Jul 09, 2026 5:19:41 AM io.gapi.emulators.netty.HttpVersionRoutingHandler channelRead\nINFO: Detected non-HTTP/2 connection.\n"}}
[debug] [2026-07-09T05:19:41.237Z] Jul 09, 2026 5:19:41 AM io.gapi.emulators.netty.HttpVersionRoutingHandler channelRead
INFO: Detected non-HTTP/2 connection.
 {"metadata":{"emulator":{"name":"firestore"},"message":"Jul 09, 2026 5:19:41 AM io.gapi.emulators.netty.HttpVersionRoutingHandler channelRead\nINFO: Detected non-HTTP/2 connection.\n"}}
[debug] [2026-07-09T05:19:43.220Z] Jul 09, 2026 5:19:43 AM io.gapi.emulators.netty.HttpVersionRoutingHandler channelRead
INFO: Detected non-HTTP/2 connection.
 {"metadata":{"emulator":{"name":"firestore"},"message":"Jul 09, 2026 5:19:43 AM io.gapi.emulators.netty.HttpVersionRoutingHandler channelRead\nINFO: Detected non-HTTP/2 connection.\n"}}
[debug] [2026-07-09T05:19:43.338Z] Jul 09, 2026 5:19:43 AM io.gapi.emulators.netty.HttpVersionRoutingHandler channelRead
INFO: Detected non-HTTP/2 connection.
 {"metadata":{"emulator":{"name":"firestore"},"message":"Jul 09, 2026 5:19:43 AM io.gapi.emulators.netty.HttpVersionRoutingHandler channelRead\nINFO: Detected non-HTTP/2 connection.\n"}}
[debug] [2026-07-09T05:19:43.353Z] Jul 09, 2026 5:19:43 AM io.gapi.emulators.netty.HttpVersionRoutingHandler channelRead
INFO: Detected non-HTTP/2 connection.
 {"metadata":{"emulator":{"name":"firestore"},"message":"Jul 09, 2026 5:19:43 AM io.gapi.emulators.netty.HttpVersionRoutingHandler channelRead\nINFO: Detected non-HTTP/2 connection.\n"}}
[debug] [2026-07-09T05:19:43.363Z] Jul 09, 2026 5:19:43 AM io.gapi.emulators.netty.HttpVersionRoutingHandler channelRead
INFO: Detected non-HTTP/2 connection.
 {"metadata":{"emulator":{"name":"firestore"},"message":"Jul 09, 2026 5:19:43 AM io.gapi.emulators.netty.HttpVersionRoutingHandler channelRead\nINFO: Detected non-HTTP/2 connection.\n"}}
[debug] [2026-07-09T05:19:43.373Z] Jul 09, 2026 5:19:43 AM io.gapi.emulators.netty.HttpVersionRoutingHandler channelRead
INFO: Detected non-HTTP/2 connection.
 {"metadata":{"emulator":{"name":"firestore"},"message":"Jul 09, 2026 5:19:43 AM io.gapi.emulators.netty.HttpVersionRoutingHandler channelRead\nINFO: Detected non-HTTP/2 connection.\n"}}
[debug] [2026-07-09T05:19:43.393Z] Jul 09, 2026 5:19:43 AM io.gapi.emulators.netty.HttpVersionRoutingHandler channelRead
INFO: Detected non-HTTP/2 connection.
 {"metadata":{"emulator":{"name":"firestore"},"message":"Jul 09, 2026 5:19:43 AM io.gapi.emulators.netty.HttpVersionRoutingHandler channelRead\nINFO: Detected non-HTTP/2 connection.\n"}}
